Using a slow image processor as `use_fast` is unset and a slow processor was saved with this model. `use_fast=True` will be the default behavior in v4.52, even if the model was saved with a slow processor. This will result in minor differences in outputs. You'll still be able to use a slow processor with `use_fast=False`.
Traceback (most recent call last):
  File "<frozen runpy>", line 203, in _run_module_as_main
  File "<frozen runpy>", line 88, in _run_code
  File "C:\Users\mak\Documents\projects\Research Work\CG-MoE\experiments\tier4\eval_v24_m176c_c2.py", line 223, in <module>
    main()
    ~~~~^^
  File "C:\Users\mak\Documents\projects\Research Work\CG-MoE\experiments\tier4\eval_v24_m176c_c2.py", line 219, in main
    run_m176c_c2(args.config, args.output)
    ~~~~~~~~~~~~^^^^^^^^^^^^^^^^^^^^^^^^^^
  File "C:\Users\mak\Documents\projects\Research Work\CG-MoE\experiments\tier4\eval_v24_m176c_c2.py", line 166, in run_m176c_c2
    acc.solve_many([0.1, 1.0, 10.0]).items()}
    ~~~~~~~~~~~~~~^^^^^^^^^^^^^^^^^^
  File "C:\Users\mak\Documents\projects\Research Work\CG-MoE\experiments\tier4\eval_v15_m104_experts.py", line 367, in solve_many
    centred, cross, intercept = self._standardised_system()
                                ~~~~~~~~~~~~~~~~~~~~~~~~~^^
  File "C:\Users\mak\Documents\projects\Research Work\CG-MoE\experiments\tier4\eval_v15_m104_experts.py", line 348, in _standardised_system
    centred = self.gram - np.outer(self.column_sum, centre)
              ~~~~~~~~~~^~~~~~~~~~~~~~~~~~~~~~~~~~~~~~~~~~~
numpy._core._exceptions._ArrayMemoryError: Unable to allocate 18.0 GiB for an array with shape (49152, 49152) and data type float64
