  reusing decoded corpus F:\geode-ml\data\cache\domainnet_decoded\size32.npz
anchor V_ms 0.242144927536232 delta +0.000e+00
  cell A: gram rel 2.528e-15 (tol 1e-08)
  cell A: max |corr(share, row)| 0.0217 (tol 0.05)
  cell B: all subsets identical=True match plaintext=True
  cell B: corrupted-share detection=True (distinct reconstructions 7)
{
 "anchor_ok": true,
 "cell_a": {
  "gram_reconstruction_rel": 2.528147945722948e-15,
  "gram_ok": true,
  "max_abs_corr_share_row": 0.021747629952943846,
  "privacy_ok": true
 },
 "cell_b": {
  "all_subsets_identical": true,
  "matches_plaintext_scores": true,
  "b1_ok": true,
  "corrupted_share_detected": true,
  "b2_ok": true
 },
 "gates_ok": true
}
M192 complete -> logs\results\v25\m192_secret_shared\evidence.json
