sealed corpus + schedule permutation
  reusing decoded corpus F:\geode-ml\data\cache\domainnet_decoded\size32.npz
  reusing decoded corpus F:\geode-ml\data\cache\domainnet_decoded\size32.npz
loading cached M230 native features (raw order -> schedule)
g1: 0.24214492753623187 delta 0.000e+00 ok=True
ms clipart: {'0.1': 0.2968, '1.0': 0.3125, '10.0': 0.3136}
ms infograph: {'0.1': 0.1154, '1.0': 0.1192, '10.0': 0.1188}
ms painting: {'0.1': 0.163, '1.0': 0.1667, '10.0': 0.1672}
ms quickdraw: {'0.1': 0.3893, '1.0': 0.3791, '10.0': 0.3986}
ms real: {'0.1': 0.304, '1.0': 0.3031, '10.0': 0.2997}
ms sketch: {'0.1': 0.216, '1.0': 0.2201, '10.0': 0.2186}
dino clipart: {'0.1': 0.6539, '1.0': 0.6539, '10.0': 0.6539}
dino infograph: {'0.1': 0.3338, '1.0': 0.3338, '10.0': 0.3338}
dino painting: {'0.1': 0.5907, '1.0': 0.5907, '10.0': 0.5907}
dino quickdraw: {'0.1': 0.469, '1.0': 0.469, '10.0': 0.469}
dino real: {'0.1': 0.7508, '1.0': 0.7508, '10.0': 0.7508}
dino sketch: {'0.1': 0.545, '1.0': 0.545, '10.0': 0.545}
hybrid clipart: {'0.1': 0.6432, '1.0': 0.6579, '10.0': 0.6754}
hybrid infograph: {'0.1': 0.3192, '1.0': 0.3311, '10.0': 0.3375}
hybrid painting: {'0.1': 0.5939, '1.0': 0.5975, '10.0': 0.6041}
hybrid quickdraw: {'0.1': 0.5211, '1.0': 0.5176, '10.0': 0.529}
hybrid real: {'0.1': 0.7668, '1.0': 0.7689, '10.0': 0.768}
hybrid sketch: {'0.1': 0.558, '1.0': 0.5626, '10.0': 0.5675}
{
 "gates_ok": true,
 "tables": {
  "ms": {
   "clipart": {
    "0.1": 0.29678571428571426,
    "1.0": 0.3125,
    "10.0": 0.31357142857142856
   },
   "infograph": {
    "0.1": 0.11544991511035653,
    "1.0": 0.11918505942275043,
    "10.0": 0.11884550084889643
   },
   "painting": {
    "0.1": 0.16302765647743814,
    "1.0": 0.16666666666666666,
    "10.0": 0.16715186802523047
   },
   "quickdraw": {
    "0.1": 0.3892540725921692,
    "1.0": 0.3790606840049538,
    "10.0": 0.3985900733542917
   },
   "real": {
    "0.1": 0.3039906103286385,
    "1.0": 0.30311032863849763,
    "10.0": 0.2996870109546166
   },
   "sketch": {
    "0.1": 0.21600204498977504,
    "1.0": 0.2200920245398773,
    "10.0": 0.21855828220858894
   }
  },
  "dino": {
   "clipart": {
    "0.1": 0.6539285714285714,
    "1.0": 0.6539285714285714,
    "10.0": 0.6539285714285714
   },
   "infograph": {
    "0.1": 0.333786078098472,
    "1.0": 0.333786078098472,
    "10.0": 0.333786078098472
   },
   "painting": {
    "0.1": 0.5907326540514314,
    "1.0": 0.5907326540514314,
    "10.0": 0.5907326540514314
   },
   "quickdraw": {
    "0.1": 0.46899114032580735,
    "1.0": 0.46899114032580735,
    "10.0": 0.46899114032580735
   },
   "real": {
    "0.1": 0.7507824726134585,
    "1.0": 0.7507824726134585,
    "10.0": 0.7507824726134585
   },
   "sketch": {
    "0.1": 0.5449897750511248,
    "1.0": 0.5449897750511248,
    "10.0": 0.5449897750511248
   }
  },
  "hybrid": {
   "clipart": {
    "0.1": 0.6432142857142857,
    "1.0": 0.6578571428571428,
    "10.0": 0.6753571428571429
   },
   "infograph": {
    "0.1": 0.31918505942275044,
    "1.0": 0.3310696095076401,
    "10.0": 0.33752122241086585
   },
   "painting": {
    "0.1": 0.5938864628820961,
    "1.0": 0.5975254730713246,
    "10.0": 0.604075691411936
   },
   "quickdraw": {
    "0.1": 0.5211012670286749,
    "1.0": 0.5175764504144041,
    "10.0": 0.5290082880823093
   },
   "real": {
    "0.1": 0.7668231611893583,
    "1.0": 0.768877151799687,
    "10.0": 0.7679968701095462
   },
   "sketch": {
    "0.1": 0.5580265848670757,
    "1.0": 0.5626278118609407,
    "10.0": 0.5674846625766872
   }
  }
 },
 "verdicts": {
  "ms": {
   "clipart": {
    "best": 0.3136,
    "bar": 0.8,
    "met": false
   },
   "infograph": {
    "best": 0.1192,
    "bar": [
     0.3,
     0.4
    ],
    "met": false
   },
   "painting": {
    "best": 0.1672,
    "bar": [
     0.5,
     0.6
    ],
    "met": false
   },
   "quickdraw": {
    "best": 0.3986,
    "bar": 0.8,
    "met": false
   },
   "real": {
    "best": 0.304,
    "bar": 0.8,
    "met": false
   },
   "sketch": {
    "best": 0.2201,
    "bar": [
     0.5,
     0.6
    ],
    "met": false
   }
  },
  "dino": {
   "clipart": {
    "best": 0.6539,
    "bar": 0.8,
    "met": false
   },
   "infograph": {
    "best": 0.3338,
    "bar": [
     0.3,
     0.4
    ],
    "met": true
   },
   "painting": {
    "best": 0.5907,
    "bar": [
     0.5,
     0.6
    ],
    "met": true
   },
   "quickdraw": {
    "best": 0.469,
    "bar": 0.8,
    "met": false
   },
   "real": {
    "best": 0.7508,
    "bar": 0.8,
    "met": false
   },
   "sketch": {
    "best": 0.545,
    "bar": [
     0.5,
     0.6
    ],
    "met": true
   }
  },
  "hybrid": {
   "clipart": {
    "best": 0.6754,
    "bar": 0.8,
    "met": false
   },
   "infograph": {
    "best": 0.3375,
    "bar": [
     0.3,
     0.4
    ],
    "met": true
   },
   "painting": {
    "best": 0.6041,
    "bar": [
     0.5,
     0.6
    ],
    "met": true
   },
   "quickdraw": {
    "best": 0.529,
    "bar": 0.8,
    "met": false
   },
   "real": {
    "best": 0.7689,
    "bar": 0.8,
    "met": false
   },
   "sketch": {
    "best": 0.5675,
    "bar": [
     0.5,
     0.6
    ],
    "met": true
   }
  }
 }
}
M231 complete -> logs\results\v25\m231_domain_experts\evidence.json
