  train rows 137149, test rows 245723
Using a slow image processor as `use_fast` is unset and a slow processor was saved with this model. `use_fast=True` will be the default behavior in v4.52, even if the model was saved with a slow processor. This will result in minor differences in outputs. You'll still be able to use a slow processor with `use_fast=False`.
  train: 0/123378 unique images
  train: 1280/123378 unique images
  train: 2560/123378 unique images
  train: 3840/123378 unique images
  train: 5120/123378 unique images
  train: 6400/123378 unique images
  train: 7680/123378 unique images
  train: 8960/123378 unique images
  train: 10240/123378 unique images
  train: 11520/123378 unique images
  train: 12800/123378 unique images
  train: 14080/123378 unique images
  train: 15360/123378 unique images
  train: 16640/123378 unique images
  train: 17920/123378 unique images
  train: 19200/123378 unique images
  train: 20480/123378 unique images
  train: 21760/123378 unique images
  train: 23040/123378 unique images
  train: 24320/123378 unique images
  train: 25600/123378 unique images
  train: 26880/123378 unique images
  train: 28160/123378 unique images
  train: 29440/123378 unique images
  train: 30720/123378 unique images
  train: 32000/123378 unique images
  train: 33280/123378 unique images
  train: 34560/123378 unique images
  train: 35840/123378 unique images
  train: 37120/123378 unique images
  train: 38400/123378 unique images
  train: 39680/123378 unique images
  train: 40960/123378 unique images
  train: 42240/123378 unique images
  train: 43520/123378 unique images
  train: 44800/123378 unique images
  train: 46080/123378 unique images
  train: 47360/123378 unique images
  train: 48640/123378 unique images
  train: 49920/123378 unique images
  train: 51200/123378 unique images
  train: 52480/123378 unique images
  train: 53760/123378 unique images
  train: 55040/123378 unique images
  train: 56320/123378 unique images
  train: 57600/123378 unique images
  train: 58880/123378 unique images
  train: 60160/123378 unique images
  train: 61440/123378 unique images
  train: 62720/123378 unique images
  train: 64000/123378 unique images
  train: 65280/123378 unique images
  train: 66560/123378 unique images
  train: 67840/123378 unique images
  train: 69120/123378 unique images
  train: 70400/123378 unique images
  train: 71680/123378 unique images
  train: 72960/123378 unique images
  train: 74240/123378 unique images
  train: 75520/123378 unique images
  train: 76800/123378 unique images
  train: 78080/123378 unique images
  train: 79360/123378 unique images
  train: 80640/123378 unique images
  train: 81920/123378 unique images
  train: 83200/123378 unique images
  train: 84480/123378 unique images
  train: 85760/123378 unique images
  train: 87040/123378 unique images
  train: 88320/123378 unique images
  train: 89600/123378 unique images
  train: 90880/123378 unique images
  train: 92160/123378 unique images
  train: 93440/123378 unique images
  train: 94720/123378 unique images
  train: 96000/123378 unique images
  train: 97280/123378 unique images
  train: 98560/123378 unique images
  train: 99840/123378 unique images
  train: 101120/123378 unique images
  train: 102400/123378 unique images
  train: 103680/123378 unique images
  train: 104960/123378 unique images
  train: 106240/123378 unique images
  train: 107520/123378 unique images
  train: 108800/123378 unique images
  train: 110080/123378 unique images
  train: 111360/123378 unique images
  train: 112640/123378 unique images
  train: 113920/123378 unique images
  train: 115200/123378 unique images
  train: 116480/123378 unique images
  train: 117760/123378 unique images
  train: 119040/123378 unique images
  train: 120320/123378 unique images
  train: 121600/123378 unique images
  train: 122880/123378 unique images
  test: 0/100507 unique images
  test: 1280/100507 unique images
  test: 2560/100507 unique images
  test: 3840/100507 unique images
  test: 5120/100507 unique images
  test: 6400/100507 unique images
  test: 7680/100507 unique images
  test: 8960/100507 unique images
  test: 10240/100507 unique images
  test: 11520/100507 unique images
  test: 12800/100507 unique images
  test: 14080/100507 unique images
  test: 15360/100507 unique images
  test: 16640/100507 unique images
  test: 17920/100507 unique images
  test: 19200/100507 unique images
  test: 20480/100507 unique images
  test: 21760/100507 unique images
  test: 23040/100507 unique images
  test: 24320/100507 unique images
  test: 25600/100507 unique images
  test: 26880/100507 unique images
  test: 28160/100507 unique images
  test: 29440/100507 unique images
  test: 30720/100507 unique images
  test: 32000/100507 unique images
  test: 33280/100507 unique images
  test: 34560/100507 unique images
  test: 35840/100507 unique images
  test: 37120/100507 unique images
  test: 38400/100507 unique images
  test: 39680/100507 unique images
  test: 40960/100507 unique images
  test: 42240/100507 unique images
C:\Users\mak\Documents\projects\Research Work\CG-MoE\.venv-rocm\Lib\site-packages\PIL\Image.py:3574: DecompressionBombWarning: Image size (102539736 pixels) exceeds limit of 89478485 pixels, could be decompression bomb DOS attack.
  warnings.warn(
  test: 43520/100507 unique images
  test: 44800/100507 unique images
  test: 46080/100507 unique images
  test: 47360/100507 unique images
  test: 48640/100507 unique images
  test: 49920/100507 unique images
  test: 51200/100507 unique images
  test: 52480/100507 unique images
  test: 53760/100507 unique images
  test: 55040/100507 unique images
  test: 56320/100507 unique images
  test: 57600/100507 unique images
  test: 58880/100507 unique images
  test: 60160/100507 unique images
  test: 61440/100507 unique images
  test: 62720/100507 unique images
  test: 64000/100507 unique images
  test: 65280/100507 unique images
  test: 66560/100507 unique images
  test: 67840/100507 unique images
  test: 69120/100507 unique images
  test: 70400/100507 unique images
  test: 71680/100507 unique images
  test: 72960/100507 unique images
  test: 74240/100507 unique images
  test: 75520/100507 unique images
  test: 76800/100507 unique images
  test: 78080/100507 unique images
  test: 79360/100507 unique images
  test: 80640/100507 unique images
  test: 81920/100507 unique images
  test: 83200/100507 unique images
  test: 84480/100507 unique images
  test: 85760/100507 unique images
  test: 87040/100507 unique images
  test: 88320/100507 unique images
  test: 89600/100507 unique images
  test: 90880/100507 unique images
  test: 92160/100507 unique images
  test: 93440/100507 unique images
  test: 94720/100507 unique images
  test: 96000/100507 unique images
  test: 97280/100507 unique images
  test: 98560/100507 unique images
  test: 99840/100507 unique images
{
 "results": {
  "n_classes": 601,
  "n_classes_with_train_rows": 576,
  "n_train_rows": 137149,
  "n_test_rows": 245723,
  "overall_top1": 0.1643,
  "per_class_mean_top1": 0.4673,
  "top5": 0.335,
  "guard_flag_rate_test": 0.0
 }
}
M261b probe complete -> logs\results\v25\m261d_oid_vision\evidence.json
