  100/800
  200/800
  300/800
  400/800
  500/800
  600/800
  700/800
  800/800
{
 "results": {
  "n": 800,
  "incumbent_misroutes": 100,
  "candidate_misroutes": 100,
  "incumbent_routed_accuracy": 0.84,
  "candidate_routed_accuracy": 0.84,
  "admitted": false,
  "verdict": "NOT ADMITTED \u2014 the deterministic incumbent stands (the candidate did not beat it; a tie is not admission, registered)"
 }
}
M281b complete -> C:\Users\mak\Documents\projects\Research Work\CG-MoE\logs\results\v25\m281b_discriminating_router\evidence.json
