wrote C:\Users\mak\Documents\projects\Research Work\CG-MoE\analysis\router_probes_v0.json (16 probes)
{
 "results": {
  "n_probes": 16,
  "bar": 0.1,
  "category_misroute_rates": {
   "contract_spoof": 0.5,
   "injection_spoof": 0.0,
   "marker_salting": 0.0,
   "surface_spoof": 0.25
  },
  "overall_misroute_rate": 0.1875,
  "within_bar": false,
  "per_probe": {
   "spoof_sent_1": {
    "category": "surface_spoof",
    "expected_family": "sentiment",
    "routed_family": "sentiment",
    "misroute": false
   },
   "spoof_sent_2": {
    "category": "surface_spoof",
    "expected_family": "sentiment",
    "routed_family": "sentiment",
    "misroute": false
   },
   "spoof_sent_3": {
    "category": "surface_spoof",
    "expected_family": "sentiment",
    "routed_family": "sentiment",
    "misroute": false
   },
   "spoof_sent_4": {
    "category": "surface_spoof",
    "expected_family": "sentiment",
    "routed_family": "logic",
    "misroute": true
   },
   "contract_bool_1": {
    "category": "contract_spoof",
    "expected_family": "logic",
    "routed_family": "arithmetic",
    "misroute": true
   },
   "contract_bool_2": {
    "category": "contract_spoof",
    "expected_family": "logic",
    "routed_family": "arithmetic",
    "misroute": true
   },
   "contract_bool_3": {
    "category": "contract_spoof",
    "expected_family": "logic",
    "routed_family": "logic",
    "misroute": false
   },
   "contract_sent_1": {
    "category": "contract_spoof",
    "expected_family": "sentiment",
    "routed_family": "sentiment",
    "misroute": false
   },
   "salt_ar_1": {
    "category": "marker_salting",
    "expected_family": "arithmetic",
    "routed_family": "arithmetic",
    "misroute": false
   },
   "salt_ar_2": {
    "category": "marker_salting",
    "expected_family": "arithmetic",
    "routed_family": "arithmetic",
    "misroute": false
   },
   "salt_lg_1": {
    "category": "marker_salting",
    "expected_family": "logic",
    "routed_family": "logic",
    "misroute": false
   },
   "salt_ar_3": {
    "category": "marker_salting",
    "expected_family": "arithmetic",
    "routed_family": "arithmetic",
    "misroute": false
   },
   "inj_ar_1": {
    "category": "injection_spoof",
    "expected_family": "arithmetic",
    "routed_family": "arithmetic",
    "misroute": false
   },
   "inj_sent_1": {
    "category": "injection_spoof",
    "expected_family": "sentiment",
    "routed_family": "sentiment",
    "misroute": false
   },
   "inj_lg_1": {
    "category": "injection_spoof",
    "expected_family": "logic",
    "routed_family": "logic",
    "misroute": false
   },
   "inj_sent_2": {
    "category": "injection_spoof",
    "expected_family": "sentiment",
    "routed_family": "sentiment",
    "misroute": false
   }
  }
 }
}
M283 complete -> C:\Users\mak\Documents\projects\Research Work\CG-MoE\logs\results\v25\m283_router_probes\evidence.json
