loading DomainNet at 32x32
  reusing decoded corpus D:\geode-ml\data\cache\domainnet_decoded\size32.npz
  train 138000  test 34500  classes 345  digest 63f590097008f749
  pixel identity verified bitwise on 64 train and 64 test rows
fitting the shared whitener on TRAIN patches only
  sparse generalist 128 atoms
    head constant chosen on the sparse side: 1.0
  sparse generalist 256 atoms
  sparse generalist 512 atoms
  sparse generalist 1024 atoms
  sparse generalist 2048 atoms
  sparse generalist 3072 atoms
  sparse mixture (oracle) 128 atoms per expert
  sparse mixture (oracle) 256 atoms per expert
  reusing original-resolution cache D:\geode-ml\data\cache\domainnet_m107\63f590097008f749 (train)
  reusing original-resolution cache D:\geode-ml\data\cache\domainnet_m107\63f590097008f749 (test)
  dense d4a_small_28: dinov2-small at 28
      train 32/138000  446.6 img/s
      train 3232/138000  679.9 img/s
      train 6432/138000  656.3 img/s
      train 9632/138000  668.1 img/s
      train 12832/138000  675.8 img/s
      train 16032/138000  698.5 img/s
      train 19232/138000  703.5 img/s
      train 22432/138000  709.2 img/s
      train 25632/138000  705.3 img/s
      train 28832/138000  709.2 img/s
      train 32032/138000  703.9 img/s
      train 35232/138000  702.5 img/s
      train 38432/138000  701.4 img/s
      train 41632/138000  698.0 img/s
      train 44832/138000  696.4 img/s
      train 48032/138000  694.4 img/s
      train 51232/138000  689.2 img/s
      train 54432/138000  688.6 img/s
      train 57632/138000  676.7 img/s
      train 60832/138000  675.9 img/s
      train 64032/138000  677.1 img/s
      train 67232/138000  677.4 img/s
      train 70432/138000  676.6 img/s
      train 73632/138000  676.8 img/s
      train 76832/138000  668.0 img/s
      train 80032/138000  656.2 img/s
      train 83232/138000  650.6 img/s
      train 86432/138000  646.8 img/s
      train 89632/138000  647.9 img/s
      train 92832/138000  648.5 img/s
      train 96032/138000  648.3 img/s
      train 99232/138000  649.2 img/s
      train 102432/138000  646.8 img/s
      train 105632/138000  645.6 img/s
      train 108832/138000  645.6 img/s
      train 112032/138000  641.9 img/s
      train 115232/138000  641.7 img/s
      train 118432/138000  639.2 img/s
      train 121632/138000  640.0 img/s
      train 124832/138000  639.3 img/s
      train 128032/138000  638.4 img/s
      train 131232/138000  635.7 img/s
      train 134432/138000  635.4 img/s
      train 137632/138000  634.6 img/s
  dense d4b_small_42: dinov2-small at 42
      train 32/138000  687.4 img/s
      train 3232/138000  469.0 img/s
      train 6432/138000  436.4 img/s
      train 9632/138000  440.4 img/s
      train 12832/138000  445.7 img/s
      train 16032/138000  443.4 img/s
      train 19232/138000  437.2 img/s
      train 22432/138000  432.6 img/s
      train 25632/138000  434.8 img/s
      train 28832/138000  434.9 img/s
      train 32032/138000  430.9 img/s
      train 35232/138000  430.2 img/s
      train 38432/138000  429.7 img/s
      train 41632/138000  431.7 img/s
      train 44832/138000  430.8 img/s
      train 48032/138000  430.6 img/s
      train 51232/138000  432.6 img/s
      train 54432/138000  432.0 img/s
      train 57632/138000  431.1 img/s
      train 60832/138000  428.2 img/s
      train 64032/138000  428.2 img/s
      train 67232/138000  427.2 img/s
      train 70432/138000  429.3 img/s
      train 73632/138000  430.4 img/s
      train 76832/138000  432.3 img/s
      train 80032/138000  433.8 img/s
      train 83232/138000  434.5 img/s
      train 86432/138000  436.1 img/s
      train 89632/138000  436.7 img/s
      train 92832/138000  437.6 img/s
      train 96032/138000  438.0 img/s
      train 99232/138000  436.8 img/s
      train 102432/138000  438.7 img/s
      train 105632/138000  439.6 img/s
      train 108832/138000  440.4 img/s
      train 112032/138000  441.1 img/s
      train 115232/138000  441.5 img/s
      train 118432/138000  441.6 img/s
      train 121632/138000  442.8 img/s
      train 124832/138000  443.1 img/s
      train 128032/138000  443.4 img/s
      train 131232/138000  443.5 img/s
      train 134432/138000  444.8 img/s
      train 137632/138000  445.9 img/s
  dense d4c_small_56: dinov2-small at 56
      train 32/138000  456.4 img/s
      train 3232/138000  337.7 img/s
      train 6432/138000  330.3 img/s
      train 9632/138000  328.3 img/s
      train 12832/138000  331.7 img/s
      train 16032/138000  337.2 img/s
      train 19232/138000  337.6 img/s
      train 22432/138000  332.2 img/s
      train 25632/138000  330.8 img/s
      train 28832/138000  329.8 img/s
      train 32032/138000  329.0 img/s
      train 35232/138000  327.7 img/s
      train 38432/138000  329.1 img/s
      train 41632/138000  330.5 img/s
      train 44832/138000  331.6 img/s
      train 48032/138000  331.0 img/s
      train 51232/138000  331.4 img/s
      train 54432/138000  328.4 img/s
      train 57632/138000  327.7 img/s
      train 60832/138000  327.2 img/s
      train 64032/138000  326.6 img/s
      train 67232/138000  326.5 img/s
      train 70432/138000  326.6 img/s
      train 73632/138000  327.3 img/s
      train 76832/138000  327.2 img/s
      train 80032/138000  326.9 img/s
      train 83232/138000  326.9 img/s
      train 86432/138000  326.9 img/s
      train 89632/138000  327.1 img/s
      train 92832/138000  326.9 img/s
      train 96032/138000  326.2 img/s
      train 99232/138000  326.2 img/s
      train 102432/138000  326.0 img/s
      train 105632/138000  325.5 img/s
      train 108832/138000  325.4 img/s
      train 112032/138000  325.1 img/s
      train 115232/138000  324.6 img/s
      train 118432/138000  324.9 img/s
      train 121632/138000  324.6 img/s
      train 124832/138000  324.7 img/s
      train 128032/138000  324.4 img/s
      train 131232/138000  323.6 img/s
      train 134432/138000  323.0 img/s
      train 137632/138000  323.2 img/s
  dense d4d_small_70: dinov2-small at 70
      train 32/138000  314.6 img/s
      train 3232/138000  246.1 img/s
      train 6432/138000  246.0 img/s
      train 9632/138000  246.5 img/s
      train 12832/138000  247.9 img/s
      train 16032/138000  247.4 img/s
      train 19232/138000  245.2 img/s
      train 22432/138000  247.4 img/s
      train 25632/138000  247.8 img/s
      train 28832/138000  247.5 img/s
      train 32032/138000  248.4 img/s
      train 35232/138000  249.2 img/s
      train 38432/138000  248.8 img/s
      train 41632/138000  248.7 img/s
      train 44832/138000  247.1 img/s
      train 48032/138000  245.8 img/s
      train 51232/138000  246.1 img/s
      train 54432/138000  246.6 img/s
      train 57632/138000  246.7 img/s
      train 60832/138000  246.1 img/s
      train 64032/138000  245.6 img/s
      train 67232/138000  245.3 img/s
      train 70432/138000  244.9 img/s
      train 73632/138000  244.4 img/s
      train 76832/138000  243.5 img/s
      train 80032/138000  243.0 img/s
      train 83232/138000  241.6 img/s
      train 86432/138000  241.2 img/s
      train 89632/138000  239.7 img/s
      train 92832/138000  239.6 img/s
      train 96032/138000  239.8 img/s
      train 99232/138000  239.7 img/s
      train 102432/138000  240.1 img/s
      train 105632/138000  240.1 img/s
      train 108832/138000  240.4 img/s
      train 112032/138000  240.3 img/s
      train 115232/138000  240.1 img/s
      train 118432/138000  240.5 img/s
      train 121632/138000  240.3 img/s
      train 124832/138000  240.3 img/s
      train 128032/138000  240.9 img/s
      train 131232/138000  240.8 img/s
      train 134432/138000  240.8 img/s
      train 137632/138000  240.5 img/s
  dense d4e_small_98: dinov2-small at 98
      train 32/138000  214.1 img/s
      train 3232/138000  183.4 img/s
      train 6432/138000  171.7 img/s
      train 9632/138000  176.3 img/s
      train 12832/138000  175.9 img/s
      train 16032/138000  176.0 img/s
      train 19232/138000  176.4 img/s
      train 22432/138000  178.1 img/s
      train 25632/138000  179.0 img/s
      train 28832/138000  179.6 img/s
      train 32032/138000  179.8 img/s
      train 35232/138000  181.1 img/s
      train 38432/138000  181.7 img/s
      train 41632/138000  180.3 img/s
      train 44832/138000  179.5 img/s
      train 48032/138000  179.4 img/s
      train 51232/138000  178.6 img/s
      train 54432/138000  178.4 img/s
      train 57632/138000  178.6 img/s
      train 60832/138000  178.6 img/s
      train 64032/138000  177.6 img/s
      train 67232/138000  177.4 img/s
      train 70432/138000  177.6 img/s
      train 73632/138000  176.6 img/s
      train 76832/138000  176.2 img/s
      train 80032/138000  177.0 img/s
      train 83232/138000  177.5 img/s
      train 86432/138000  177.6 img/s
      train 89632/138000  177.7 img/s
      train 92832/138000  177.3 img/s
      train 96032/138000  177.0 img/s
      train 99232/138000  177.6 img/s
      train 102432/138000  177.3 img/s
      train 105632/138000  177.0 img/s
      train 108832/138000  177.1 img/s
      train 112032/138000  176.8 img/s
      train 115232/138000  177.2 img/s
      train 118432/138000  176.7 img/s
      train 121632/138000  176.5 img/s
      train 124832/138000  176.3 img/s
      train 128032/138000  175.8 img/s
      train 131232/138000  175.5 img/s
      train 134432/138000  175.2 img/s
      train 137632/138000  175.1 img/s
  dense d4f_small_140: dinov2-small at 140
      train 32/138000  91.3 img/s
      train 3232/138000  97.6 img/s
      train 6432/138000  99.0 img/s
      train 9632/138000  100.5 img/s
      train 12832/138000  100.6 img/s
      train 16032/138000  101.4 img/s
      train 19232/138000  101.5 img/s
      train 22432/138000  101.1 img/s
      train 25632/138000  101.0 img/s
      train 28832/138000  100.5 img/s
      train 32032/138000  99.9 img/s
      train 35232/138000  99.3 img/s
      train 38432/138000  99.1 img/s
      train 41632/138000  99.0 img/s
      train 44832/138000  98.7 img/s
      train 48032/138000  98.1 img/s
      train 51232/138000  97.9 img/s
      train 54432/138000  97.4 img/s
      train 57632/138000  97.4 img/s
      train 60832/138000  97.1 img/s
      train 64032/138000  97.1 img/s
      train 67232/138000  96.7 img/s
      train 70432/138000  96.7 img/s
      train 73632/138000  96.4 img/s
      train 76832/138000  96.2 img/s
      train 80032/138000  96.1 img/s
      train 83232/138000  96.3 img/s
      train 86432/138000  96.1 img/s
      train 89632/138000  95.9 img/s
      train 92832/138000  95.8 img/s
      train 96032/138000  95.5 img/s
      train 99232/138000  95.6 img/s
      train 102432/138000  95.4 img/s
      train 105632/138000  95.3 img/s
      train 108832/138000  95.2 img/s
      train 112032/138000  94.8 img/s
      train 115232/138000  94.6 img/s
      train 118432/138000  94.2 img/s
      train 121632/138000  94.0 img/s
      train 124832/138000  93.8 img/s
      train 128032/138000  93.6 img/s
      train 131232/138000  93.2 img/s
      train 134432/138000  93.0 img/s
      train 137632/138000  92.8 img/s
  dense d1_small_224: dinov2-small at 224
      train 32/138000  37.9 img/s
      train 3232/138000  36.6 img/s
      train 6432/138000  36.8 img/s
      train 9632/138000  36.9 img/s
      train 12832/138000  37.1 img/s
      train 16032/138000  37.4 img/s
      train 19232/138000  37.2 img/s
      train 22432/138000  37.5 img/s
      train 25632/138000  37.6 img/s
      train 28832/138000  37.6 img/s
      train 32032/138000  37.7 img/s
      train 35232/138000  37.8 img/s
      train 38432/138000  37.4 img/s
      train 41632/138000  36.4 img/s
      train 44832/138000  35.3 img/s
      train 48032/138000  35.3 img/s
      train 51232/138000  35.4 img/s
      train 54432/138000  35.4 img/s
      train 57632/138000  35.3 img/s
      train 60832/138000  35.3 img/s
      train 64032/138000  35.1 img/s
      train 67232/138000  34.8 img/s
      train 70432/138000  34.7 img/s
      train 73632/138000  34.3 img/s
      train 76832/138000  33.9 img/s
      train 80032/138000  33.6 img/s
      train 83232/138000  33.2 img/s
      train 86432/138000  33.1 img/s
      train 89632/138000  32.6 img/s
      train 92832/138000  32.1 img/s
      train 96032/138000  32.1 img/s
      train 99232/138000  32.1 img/s
      train 102432/138000  32.0 img/s
      train 105632/138000  31.8 img/s
      train 108832/138000  31.6 img/s
      train 112032/138000  31.3 img/s
      train 115232/138000  31.1 img/s
      train 118432/138000  31.0 img/s
      train 121632/138000  31.0 img/s
      train 124832/138000  31.1 img/s
      train 128032/138000  31.2 img/s
      train 131232/138000  31.2 img/s
      train 134432/138000  31.3 img/s
      train 137632/138000  31.4 img/s
  dense d5_small_224_from_32: dinov2-small at 224
      train 32/138000  30.7 img/s
      train 3232/138000  33.0 img/s
      train 6432/138000  31.6 img/s
      train 9632/138000  32.0 img/s
      train 12832/138000  32.0 img/s
      train 16032/138000  32.0 img/s
      train 19232/138000  31.9 img/s
      train 22432/138000  31.8 img/s
      train 25632/138000  31.8 img/s
      train 28832/138000  32.0 img/s
      train 32032/138000  32.0 img/s
      train 35232/138000  31.9 img/s
      train 38432/138000  31.8 img/s
      train 41632/138000  31.9 img/s
      train 44832/138000  31.9 img/s
      train 48032/138000  31.8 img/s
      train 51232/138000  31.8 img/s
      train 54432/138000  31.7 img/s
      train 57632/138000  31.7 img/s
      train 60832/138000  31.7 img/s
      train 64032/138000  31.6 img/s
      train 67232/138000  31.7 img/s
      train 70432/138000  31.6 img/s
      train 73632/138000  31.6 img/s
      train 76832/138000  31.6 img/s
      train 80032/138000  31.6 img/s
      train 83232/138000  31.6 img/s
      train 86432/138000  31.6 img/s
      train 89632/138000  31.6 img/s
      train 92832/138000  31.6 img/s
      train 96032/138000  31.6 img/s
      train 99232/138000  31.6 img/s
      train 102432/138000  31.6 img/s
      train 105632/138000  31.7 img/s
      train 108832/138000  31.7 img/s
      train 112032/138000  31.7 img/s
      train 115232/138000  31.7 img/s
      train 118432/138000  31.6 img/s
      train 121632/138000  31.6 img/s
      train 124832/138000  31.6 img/s
      train 128032/138000  31.6 img/s
      train 131232/138000  31.6 img/s
      train 134432/138000  31.6 img/s
      train 137632/138000  31.6 img/s
  dense d2_base_224: dinov2-base at 224
      train 32/138000  12.5 img/s
      train 3232/138000  12.2 img/s
      train 6432/138000  12.1 img/s
      train 9632/138000  12.1 img/s
      train 12832/138000  12.1 img/s
      train 16032/138000  12.1 img/s
      train 19232/138000  12.1 img/s
      train 22432/138000  12.2 img/s
      train 25632/138000  12.2 img/s
      train 28832/138000  12.2 img/s
      train 32032/138000  12.2 img/s
      train 35232/138000  12.1 img/s
      train 38432/138000  11.7 img/s
      train 41632/138000  11.4 img/s
      train 44832/138000  11.2 img/s
      train 48032/138000  11.0 img/s
      train 51232/138000  11.0 img/s
      train 54432/138000  11.1 img/s
      train 57632/138000  11.1 img/s
      train 60832/138000  11.2 img/s
      train 64032/138000  11.2 img/s
      train 67232/138000  11.2 img/s
      train 70432/138000  11.3 img/s
      train 73632/138000  11.3 img/s
      train 76832/138000  11.3 img/s
      train 80032/138000  11.4 img/s
      train 83232/138000  11.4 img/s
      train 86432/138000  11.4 img/s
      train 89632/138000  11.3 img/s
      train 92832/138000  11.3 img/s
      train 96032/138000  11.3 img/s
      train 99232/138000  11.3 img/s
      train 102432/138000  11.3 img/s
      train 105632/138000  11.3 img/s
      train 108832/138000  11.2 img/s
      train 112032/138000  11.2 img/s
      train 115232/138000  11.2 img/s
      train 118432/138000  11.2 img/s
      train 121632/138000  11.2 img/s
      train 124832/138000  11.2 img/s
      train 128032/138000  11.2 img/s
      train 131232/138000  11.2 img/s
      train 134432/138000  11.2 img/s
      train 137632/138000  11.2 img/s
  dense d3_large_224: dinov2-large at 224
      train 32/138000  3.0 img/s
      train 3232/138000  2.4 img/s
      train 6432/138000  2.4 img/s
      train 9632/138000  2.6 img/s
      train 12832/138000  2.7 img/s
      train 16032/138000  2.8 img/s
      train 19232/138000  2.9 img/s
      train 22432/138000  2.9 img/s
      train 25632/138000  3.0 img/s
      train 28832/138000  3.0 img/s
      train 32032/138000  1.7 img/s
      train 35232/138000  1.8 img/s
      train 38432/138000  1.9 img/s
      train 41632/138000  2.0 img/s
      train 44832/138000  2.0 img/s
      train 48032/138000  2.1 img/s
      train 51232/138000  2.1 img/s
      train 54432/138000  2.2 img/s
      train 57632/138000  2.2 img/s
      train 60832/138000  2.2 img/s
      train 64032/138000  2.3 img/s
      train 67232/138000  2.3 img/s
      train 70432/138000  2.3 img/s
      train 73632/138000  2.4 img/s
      train 76832/138000  2.4 img/s
      train 80032/138000  2.4 img/s
      train 83232/138000  2.4 img/s
      train 86432/138000  2.4 img/s
      train 89632/138000  2.5 img/s
      train 92832/138000  2.5 img/s
      train 96032/138000  2.5 img/s
      train 99232/138000  2.5 img/s
      train 102432/138000  2.5 img/s
      train 105632/138000  2.5 img/s
      train 108832/138000  2.5 img/s
      train 112032/138000  2.5 img/s
      train 115232/138000  2.5 img/s
      train 118432/138000  2.5 img/s
      train 121632/138000  2.5 img/s
      train 124832/138000  2.5 img/s
      train 128032/138000  2.5 img/s
      train 131232/138000  2.5 img/s
      train 134432/138000  2.5 img/s
      train 137632/138000  2.5 img/s

gate:
  kill_switch_1_dense_dominates_everywhere: not fired
  kill_switch_2_sparse_wins_somewhere: FIRED
  kill_switch_3_generalist_beats_mixture: not fired
